[0.009s] Invoking command in '/home/kyj/ws_px4_controls/build/px4_ros_com': CMAKE_PREFIX_PATH=${CMAKE_PREFIX_PATH}:/opt/ros/humble /usr/bin/cmake --build /home/kyj/ws_px4_controls/build/px4_ros_com -- -j12 -l12
[0.047s] [35m[1mConsolidate compiler generated dependencies of target frame_transforms[0m
[0.047s] [35m[1mConsolidate compiler generated dependencies of target sensor_combined_listener[0m
[0.048s] [35m[1mConsolidate compiler generated dependencies of target vehicle_gps_position_listener[0m
[0.048s] [35m[1mConsolidate compiler generated dependencies of target cli_pose_controller[0m
[0.048s] [35m[1mConsolidate compiler generated dependencies of target debug_vect_advertiser[0m
[0.051s] [35m[1mConsolidate compiler generated dependencies of target offboard_control[0m
[0.051s] [35m[1mConsolidate compiler generated dependencies of target offboard_control_srv[0m
[0.062s] [ 28%] Built target offboard_control_srv
[0.062s] [ 14%] Built target ament_cmake_python_symlink_px4_ros_com
[0.062s] [ 28%] Built target vehicle_gps_position_listener
[0.062s] [ 42%] Built target sensor_combined_listener
[0.062s] [ 57%] Built target debug_vect_advertiser
[0.063s] [ 71%] Built target frame_transforms
[0.063s] [ 85%] Built target offboard_control
[0.064s] [100%] Built target cli_pose_controller
[0.192s] running egg_info
[0.200s] writing px4_ros_com.egg-info/PKG-INFO
[0.201s] writing dependency_links to px4_ros_com.egg-info/dependency_links.txt
[0.201s] writing top-level names to px4_ros_com.egg-info/top_level.txt
[0.227s] reading manifest file 'px4_ros_com.egg-info/SOURCES.txt'
[0.228s] writing manifest file 'px4_ros_com.egg-info/SOURCES.txt'
[0.248s] [100%] Built target ament_cmake_python_build_px4_ros_com_egg
[0.258s] Invoked command in '/home/kyj/ws_px4_controls/build/px4_ros_com' returned '0': CMAKE_PREFIX_PATH=${CMAKE_PREFIX_PATH}:/opt/ros/humble /usr/bin/cmake --build /home/kyj/ws_px4_controls/build/px4_ros_com -- -j12 -l12
[0.267s] Invoking command in '/home/kyj/ws_px4_controls/build/px4_ros_com': CMAKE_PREFIX_PATH=${CMAKE_PREFIX_PATH}:/opt/ros/humble /usr/bin/cmake --install /home/kyj/ws_px4_controls/build/px4_ros_com
[0.274s] -- Install configuration: ""
[0.274s] -- Execute custom install script
[0.275s] -- Up-to-date symlink: /home/kyj/ws_px4_controls/install/px4_ros_com/lib/px4_ros_com/sensor_combined_listener
[0.275s] -- Up-to-date symlink: /home/kyj/ws_px4_controls/install/px4_ros_com/lib/px4_ros_com/vehicle_gps_position_listener
[0.275s] -- Up-to-date symlink: /home/kyj/ws_px4_controls/install/px4_ros_com/lib/px4_ros_com/debug_vect_advertiser
[0.275s] -- Up-to-date symlink: /home/kyj/ws_px4_controls/install/px4_ros_com/lib/px4_ros_com/offboard_control
[0.276s] -- Up-to-date symlink: /home/kyj/ws_px4_controls/install/px4_ros_com/lib/px4_ros_com/offboard_control_srv
[0.276s] -- Up-to-date symlink: /home/kyj/ws_px4_controls/install/px4_ros_com/lib/px4_ros_com/cli_pose_controller
[0.276s] -- Up-to-date symlink: /home/kyj/ws_px4_controls/install/px4_ros_com/share/px4_ros_com/environment/library_path.sh
[0.276s] -- Up-to-date symlink: /home/kyj/ws_px4_controls/install/px4_ros_com/share/px4_ros_com/environment/library_path.dsv
[0.277s] -- Up-to-date symlink: /home/kyj/ws_px4_controls/install/px4_ros_com/lib/px4_ros_com/offboard_control
[0.277s] -- Up-to-date symlink: /home/kyj/ws_px4_controls/install/px4_ros_com/include/px4_ros_com/frame_transforms.h
[0.277s] -- Up-to-date symlink: /home/kyj/ws_px4_controls/install/px4_ros_com/share/px4_ros_com//launch/offboard_control_launch.yaml
[0.278s] -- Up-to-date symlink: /home/kyj/ws_px4_controls/install/px4_ros_com/share/px4_ros_com//launch/sensor_combined_listener.launch.py
[0.278s] -- Up-to-date symlink: /home/kyj/ws_px4_controls/install/px4_ros_com/share/px4_ros_com//test/__init__.py
[0.278s] -- Up-to-date symlink: /home/kyj/ws_px4_controls/install/px4_ros_com/share/px4_ros_com//test/pipeline_io_test.py
[0.278s] -- Up-to-date symlink: /home/kyj/ws_px4_controls/install/px4_ros_com/share/px4_ros_com//test/test_input.py
[0.278s] -- Up-to-date symlink: /home/kyj/ws_px4_controls/install/px4_ros_com/share/px4_ros_com//test/test_output.py
[0.278s] -- Up-to-date symlink: /home/kyj/ws_px4_controls/install/px4_ros_com/share/px4_ros_com/environment/pythonpath.sh
[0.279s] -- Up-to-date symlink: /home/kyj/ws_px4_controls/install/px4_ros_com/share/px4_ros_com/environment/pythonpath.dsv
[0.279s] -- Up-to-date symlink: /home/kyj/ws_px4_controls/install/px4_ros_com/local/lib/python3.10/dist-packages/px4_ros_com-0.1.0-py3.10.egg-info/PKG-INFO
[0.279s] -- Up-to-date symlink: /home/kyj/ws_px4_controls/install/px4_ros_com/local/lib/python3.10/dist-packages/px4_ros_com-0.1.0-py3.10.egg-info/SOURCES.txt
[0.279s] -- Up-to-date symlink: /home/kyj/ws_px4_controls/install/px4_ros_com/local/lib/python3.10/dist-packages/px4_ros_com-0.1.0-py3.10.egg-info/dependency_links.txt
[0.279s] -- Up-to-date symlink: /home/kyj/ws_px4_controls/install/px4_ros_com/local/lib/python3.10/dist-packages/px4_ros_com-0.1.0-py3.10.egg-info/top_level.txt
[0.279s] -- Up-to-date symlink: /home/kyj/ws_px4_controls/install/px4_ros_com/local/lib/python3.10/dist-packages/px4_ros_com/__init__.py
[0.280s] -- Up-to-date symlink: /home/kyj/ws_px4_controls/install/px4_ros_com/local/lib/python3.10/dist-packages/px4_ros_com/module_to_import.py
[0.280s] -- Up-to-date symlink: /home/kyj/ws_px4_controls/install/px4_ros_com/lib/px4_ros_com/offboard_control.py
[0.280s] -- Up-to-date symlink: /home/kyj/ws_px4_controls/install/px4_ros_com/share/ament_index/resource_index/package_run_dependencies/px4_ros_com
[0.280s] -- Up-to-date symlink: /home/kyj/ws_px4_controls/install/px4_ros_com/share/ament_index/resource_index/parent_prefix_path/px4_ros_com
[0.280s] -- Up-to-date symlink: /home/kyj/ws_px4_controls/install/px4_ros_com/share/px4_ros_com/environment/ament_prefix_path.sh
[0.280s] -- Up-to-date symlink: /home/kyj/ws_px4_controls/install/px4_ros_com/share/px4_ros_com/environment/ament_prefix_path.dsv
[0.281s] -- Up-to-date symlink: /home/kyj/ws_px4_controls/install/px4_ros_com/share/px4_ros_com/environment/path.sh
[0.281s] -- Up-to-date symlink: /home/kyj/ws_px4_controls/install/px4_ros_com/share/px4_ros_com/environment/path.dsv
[0.281s] -- Up-to-date symlink: /home/kyj/ws_px4_controls/install/px4_ros_com/share/px4_ros_com/local_setup.bash
[0.281s] -- Up-to-date symlink: /home/kyj/ws_px4_controls/install/px4_ros_com/share/px4_ros_com/local_setup.sh
[0.281s] -- Up-to-date symlink: /home/kyj/ws_px4_controls/install/px4_ros_com/share/px4_ros_com/local_setup.zsh
[0.281s] -- Up-to-date symlink: /home/kyj/ws_px4_controls/install/px4_ros_com/share/px4_ros_com/local_setup.dsv
[0.281s] -- Symlinking: /home/kyj/ws_px4_controls/install/px4_ros_com/share/px4_ros_com/package.dsv
[0.290s] -- Up-to-date symlink: /home/kyj/ws_px4_controls/install/px4_ros_com/share/ament_index/resource_index/packages/px4_ros_com
[0.290s] -- Up-to-date symlink: /home/kyj/ws_px4_controls/install/px4_ros_com/share/px4_ros_com/cmake/ament_cmake_export_dependencies-extras.cmake
[0.290s] -- Up-to-date symlink: /home/kyj/ws_px4_controls/install/px4_ros_com/share/px4_ros_com/cmake/ament_cmake_export_targets-extras.cmake
[0.290s] -- Up-to-date symlink: /home/kyj/ws_px4_controls/install/px4_ros_com/share/px4_ros_com/cmake/ament_cmake_export_include_directories-extras.cmake
[0.290s] -- Up-to-date symlink: /home/kyj/ws_px4_controls/install/px4_ros_com/share/px4_ros_com/cmake/ament_cmake_export_libraries-extras.cmake
[0.290s] -- Up-to-date symlink: /home/kyj/ws_px4_controls/install/px4_ros_com/share/px4_ros_com/cmake/px4_ros_comConfig.cmake
[0.290s] -- Up-to-date symlink: /home/kyj/ws_px4_controls/install/px4_ros_com/share/px4_ros_com/cmake/px4_ros_comConfig-version.cmake
[0.290s] -- Up-to-date symlink: /home/kyj/ws_px4_controls/install/px4_ros_com/share/px4_ros_com/package.xml
[0.291s] -- Up-to-date: /home/kyj/ws_px4_controls/install/px4_ros_com/lib/libframe_transforms.so
[0.312s] Listing '/home/kyj/ws_px4_controls/install/px4_ros_com/local/lib/python3.10/dist-packages/px4_ros_com'...
[0.315s] -- Up-to-date: /home/kyj/ws_px4_controls/install/px4_ros_com/share/px4_ros_com/cmake/export_frame_transformsExport.cmake
[0.315s] -- Up-to-date: /home/kyj/ws_px4_controls/install/px4_ros_com/share/px4_ros_com/cmake/export_frame_transformsExport-noconfig.cmake
[0.317s] Invoked command in '/home/kyj/ws_px4_controls/build/px4_ros_com' returned '0': CMAKE_PREFIX_PATH=${CMAKE_PREFIX_PATH}:/opt/ros/humble /usr/bin/cmake --install /home/kyj/ws_px4_controls/build/px4_ros_com
