[0.007s] Invoking command in '/home/kyj/ws_px4_controls/build/uav_controller_pkg': CMAKE_PREFIX_PATH=${CMAKE_PREFIX_PATH}:/opt/ros/humble /usr/bin/cmake --build /home/kyj/ws_px4_controls/build/uav_controller_pkg -- -j12 -l12
[0.028s] -- Found ament_cmake: 1.3.11 (/opt/ros/humble/share/ament_cmake/cmake)
[0.117s] -- Override CMake install command with custom implementation using symlinks instead of copying resources
[0.122s] -- Found rclcpp: 16.0.11 (/opt/ros/humble/share/rclcpp/cmake)
[0.140s] -- Found rosidl_generator_c: 3.1.6 (/opt/ros/humble/share/rosidl_generator_c/cmake)
[0.141s] -- Found rosidl_adapter: 3.1.6 (/opt/ros/humble/share/rosidl_adapter/cmake)
[0.145s] -- Found rosidl_generator_cpp: 3.1.6 (/opt/ros/humble/share/rosidl_generator_cpp/cmake)
[0.151s] -- Using all available rosidl_typesupport_c: rosidl_typesupport_fastrtps_c;rosidl_typesupport_introspection_c
[0.158s] -- Using all available rosidl_typesupport_cpp: rosidl_typesupport_fastrtps_cpp;rosidl_typesupport_introspection_cpp
[0.176s] -- Found rmw_implementation_cmake: 6.1.2 (/opt/ros/humble/share/rmw_implementation_cmake/cmake)
[0.177s] -- Found rmw_fastrtps_cpp: 6.2.7 (/opt/ros/humble/share/rmw_fastrtps_cpp/cmake)
[0.258s] -- Using RMW implementation 'rmw_fastrtps_cpp' as default
[0.287s] -- Found geometry_msgs: 4.2.4 (/opt/ros/humble/share/geometry_msgs/cmake)
[0.294s] -- Found px4_msgs: 2.0.1 (/home/kyj/ws_px4_control/install/px4_msgs/share/px4_msgs/cmake)
[0.300s] -- Found gazebo_msgs: 3.9.0 (/opt/ros/humble/share/gazebo_msgs/cmake)
[0.324s] -- Found tf2_ros: 0.25.12 (/opt/ros/humble/share/tf2_ros/cmake)
[0.391s] -- Found tf2_geometry_msgs: 0.25.12 (/opt/ros/humble/share/tf2_geometry_msgs/cmake)
[0.404s] -- Found eigen3_cmake_module: 0.1.1 (/opt/ros/humble/share/eigen3_cmake_module/cmake)
[0.404s] -- Found Eigen3: TRUE (found version "3.4.0") 
[0.405s] -- Ensuring Eigen3 include directory is part of orocos-kdl CMake target
[0.408s] -- Found ament_lint_auto: 0.12.11 (/opt/ros/humble/share/ament_lint_auto/cmake)
[0.459s] -- Added test 'cppcheck' to perform static code analysis on C / C++ code
[0.459s] -- Configured cppcheck include dirs: 
[0.459s] -- Configured cppcheck exclude dirs and/or files: 
[0.460s] -- Added test 'flake8' to check Python code syntax and style conventions
[0.461s] -- Added test 'lint_cmake' to check CMake code style
[0.462s] -- Added test 'pep257' to check Python code against some of the docstring style conventions in PEP 257
[0.466s] -- Added test 'uncrustify' to check C / C++ code style
[0.467s] -- Configured uncrustify additional arguments: 
[0.467s] -- Added test 'xmllint' to check XML markup files
[0.468s] -- Configuring done
[0.485s] -- Generating done
[0.490s] -- Build files have been written to: /home/kyj/ws_px4_controls/build/uav_controller_pkg
[0.512s] [35m[1mConsolidate compiler generated dependencies of target offboard_control_node[0m
[0.512s] [35m[1mConsolidate compiler generated dependencies of target uav_controller[0m
[0.522s] [ 16%] [32mBuilding CXX object CMakeFiles/pose_to_tf_broadcaster.dir/src/pose_to_tf_broadcaster.cpp.o[0m
[0.526s] [ 50%] [32mBuilding CXX object CMakeFiles/uav_controller.dir/src/uav_controller.cpp.o[0m
[0.526s] [ 66%] Built target offboard_control_node
[5.887s] [ 83%] [32m[1mLinking CXX executable pose_to_tf_broadcaster[0m
[6.174s] [ 83%] Built target pose_to_tf_broadcaster
[7.970s] [100%] [32m[1mLinking CXX executable uav_controller[0m
[8.323s] [100%] Built target uav_controller
[8.333s] Invoked command in '/home/kyj/ws_px4_controls/build/uav_controller_pkg' returned '0': CMAKE_PREFIX_PATH=${CMAKE_PREFIX_PATH}:/opt/ros/humble /usr/bin/cmake --build /home/kyj/ws_px4_controls/build/uav_controller_pkg -- -j12 -l12
[8.334s] Invoking command in '/home/kyj/ws_px4_controls/build/uav_controller_pkg': CMAKE_PREFIX_PATH=${CMAKE_PREFIX_PATH}:/opt/ros/humble /usr/bin/cmake --install /home/kyj/ws_px4_controls/build/uav_controller_pkg
[8.340s] -- Install configuration: ""
[8.340s] -- Execute custom install script
[8.340s] -- Up-to-date symlink: /home/kyj/ws_px4_controls/install/uav_controller_pkg/lib/uav_controller_pkg/offboard_control_node
[8.340s] -- Up-to-date symlink: /home/kyj/ws_px4_controls/install/uav_controller_pkg/lib/uav_controller_pkg/uav_controller
[8.340s] -- Symlinking: /home/kyj/ws_px4_controls/install/uav_controller_pkg/lib/uav_controller_pkg/pose_to_tf_broadcaster
[8.349s] -- Up-to-date symlink: /home/kyj/ws_px4_controls/install/uav_controller_pkg/share/ament_index/resource_index/package_run_dependencies/uav_controller_pkg
[8.349s] -- Up-to-date symlink: /home/kyj/ws_px4_controls/install/uav_controller_pkg/share/ament_index/resource_index/parent_prefix_path/uav_controller_pkg
[8.350s] -- Up-to-date symlink: /home/kyj/ws_px4_controls/install/uav_controller_pkg/share/uav_controller_pkg/environment/ament_prefix_path.sh
[8.350s] -- Up-to-date symlink: /home/kyj/ws_px4_controls/install/uav_controller_pkg/share/uav_controller_pkg/environment/ament_prefix_path.dsv
[8.350s] -- Up-to-date symlink: /home/kyj/ws_px4_controls/install/uav_controller_pkg/share/uav_controller_pkg/environment/path.sh
[8.350s] -- Up-to-date symlink: /home/kyj/ws_px4_controls/install/uav_controller_pkg/share/uav_controller_pkg/environment/path.dsv
[8.350s] -- Up-to-date symlink: /home/kyj/ws_px4_controls/install/uav_controller_pkg/share/uav_controller_pkg/local_setup.bash
[8.350s] -- Up-to-date symlink: /home/kyj/ws_px4_controls/install/uav_controller_pkg/share/uav_controller_pkg/local_setup.sh
[8.350s] -- Up-to-date symlink: /home/kyj/ws_px4_controls/install/uav_controller_pkg/share/uav_controller_pkg/local_setup.zsh
[8.351s] -- Up-to-date symlink: /home/kyj/ws_px4_controls/install/uav_controller_pkg/share/uav_controller_pkg/local_setup.dsv
[8.351s] -- Symlinking: /home/kyj/ws_px4_controls/install/uav_controller_pkg/share/uav_controller_pkg/package.dsv
[8.358s] -- Up-to-date symlink: /home/kyj/ws_px4_controls/install/uav_controller_pkg/share/ament_index/resource_index/packages/uav_controller_pkg
[8.358s] -- Up-to-date symlink: /home/kyj/ws_px4_controls/install/uav_controller_pkg/share/uav_controller_pkg/cmake/uav_controller_pkgConfig.cmake
[8.358s] -- Up-to-date symlink: /home/kyj/ws_px4_controls/install/uav_controller_pkg/share/uav_controller_pkg/cmake/uav_controller_pkgConfig-version.cmake
[8.358s] -- Up-to-date symlink: /home/kyj/ws_px4_controls/install/uav_controller_pkg/share/uav_controller_pkg/package.xml
[8.361s] Invoked command in '/home/kyj/ws_px4_controls/build/uav_controller_pkg' returned '0': CMAKE_PREFIX_PATH=${CMAKE_PREFIX_PATH}:/opt/ros/humble /usr/bin/cmake --install /home/kyj/ws_px4_controls/build/uav_controller_pkg
